Archive member included to satisfy reference by file (symbol)

c:/program files (x86)/atmel/studio/7.0/toolchain/avr8/avr8-gnu-toolchain/bin/../lib/gcc/avr/5.4.0/../../../../avr/lib/avr5\libm.a(addsf3.o)
                              src/encoder.o (__subsf3)
c:/program files (x86)/atmel/studio/7.0/toolchain/avr8/avr8-gnu-toolchain/bin/../lib/gcc/avr/5.4.0/../../../../avr/lib/avr5\libm.a(addsf3x.o)
                              c:/program files (x86)/atmel/studio/7.0/toolchain/avr8/avr8-gnu-toolchain/bin/../lib/gcc/avr/5.4.0/../../../../avr/lib/avr5\libm.a(addsf3.o) (__addsf3x)
c:/program files (x86)/atmel/studio/7.0/toolchain/avr8/avr8-gnu-toolchain/bin/../lib/gcc/avr/5.4.0/../../../../avr/lib/avr5\libm.a(cmpsf2.o)
                              main.o (__nesf2)
c:/program files (x86)/atmel/studio/7.0/toolchain/avr8/avr8-gnu-toolchain/bin/../lib/gcc/avr/5.4.0/../../../../avr/lib/avr5\libm.a(divsf3.o)
                              main.o (__divsf3)
c:/program files (x86)/atmel/studio/7.0/toolchain/avr8/avr8-gnu-toolchain/bin/../lib/gcc/avr/5.4.0/../../../../avr/lib/avr5\libm.a(divsf3x.o)
                              c:/program files (x86)/atmel/studio/7.0/toolchain/avr8/avr8-gnu-toolchain/bin/../lib/gcc/avr/5.4.0/../../../../avr/lib/avr5\libm.a(divsf3.o) (__divsf3x)
c:/program files (x86)/atmel/studio/7.0/toolchain/avr8/avr8-gnu-toolchain/bin/../lib/gcc/avr/5.4.0/../../../../avr/lib/avr5\libm.a(fixunssfsi.o)
                              src/motors.o (__fixunssfsi)
c:/program files (x86)/atmel/studio/7.0/toolchain/avr8/avr8-gnu-toolchain/bin/../lib/gcc/avr/5.4.0/../../../../avr/lib/avr5\libm.a(floatsisf.o)
                              main.o (__floatunsisf)
c:/program files (x86)/atmel/studio/7.0/toolchain/avr8/avr8-gnu-toolchain/bin/../lib/gcc/avr/5.4.0/../../../../avr/lib/avr5\libm.a(fp_cmp.o)
                              c:/program files (x86)/atmel/studio/7.0/toolchain/avr8/avr8-gnu-toolchain/bin/../lib/gcc/avr/5.4.0/../../../../avr/lib/avr5\libm.a(cmpsf2.o) (__fp_cmp)
c:/program files (x86)/atmel/studio/7.0/toolchain/avr8/avr8-gnu-toolchain/bin/../lib/gcc/avr/5.4.0/../../../../avr/lib/avr5\libm.a(fp_inf.o)
                              c:/program files (x86)/atmel/studio/7.0/toolchain/avr8/avr8-gnu-toolchain/bin/../lib/gcc/avr/5.4.0/../../../../avr/lib/avr5\libm.a(addsf3x.o) (__fp_inf)
c:/program files (x86)/atmel/studio/7.0/toolchain/avr8/avr8-gnu-toolchain/bin/../lib/gcc/avr/5.4.0/../../../../avr/lib/avr5\libm.a(fp_nan.o)
                              c:/program files (x86)/atmel/studio/7.0/toolchain/avr8/avr8-gnu-toolchain/bin/../lib/gcc/avr/5.4.0/../../../../avr/lib/avr5\libm.a(addsf3x.o) (__fp_nan)
c:/program files (x86)/atmel/studio/7.0/toolchain/avr8/avr8-gnu-toolchain/bin/../lib/gcc/avr/5.4.0/../../../../avr/lib/avr5\libm.a(fp_pscA.o)
                              c:/program files (x86)/atmel/studio/7.0/toolchain/avr8/avr8-gnu-toolchain/bin/../lib/gcc/avr/5.4.0/../../../../avr/lib/avr5\libm.a(addsf3x.o) (__fp_pscA)
c:/program files (x86)/atmel/studio/7.0/toolchain/avr8/avr8-gnu-toolchain/bin/../lib/gcc/avr/5.4.0/../../../../avr/lib/avr5\libm.a(fp_pscB.o)
                              c:/program files (x86)/atmel/studio/7.0/toolchain/avr8/avr8-gnu-toolchain/bin/../lib/gcc/avr/5.4.0/../../../../avr/lib/avr5\libm.a(addsf3x.o) (__fp_pscB)
c:/program files (x86)/atmel/studio/7.0/toolchain/avr8/avr8-gnu-toolchain/bin/../lib/gcc/avr/5.4.0/../../../../avr/lib/avr5\libm.a(fp_round.o)
                              c:/program files (x86)/atmel/studio/7.0/toolchain/avr8/avr8-gnu-toolchain/bin/../lib/gcc/avr/5.4.0/../../../../avr/lib/avr5\libm.a(addsf3.o) (__fp_round)
c:/program files (x86)/atmel/studio/7.0/toolchain/avr8/avr8-gnu-toolchain/bin/../lib/gcc/avr/5.4.0/../../../../avr/lib/avr5\libm.a(fp_split3.o)
                              c:/program files (x86)/atmel/studio/7.0/toolchain/avr8/avr8-gnu-toolchain/bin/../lib/gcc/avr/5.4.0/../../../../avr/lib/avr5\libm.a(addsf3x.o) (__fp_split3)
c:/program files (x86)/atmel/studio/7.0/toolchain/avr8/avr8-gnu-toolchain/bin/../lib/gcc/avr/5.4.0/../../../../avr/lib/avr5\libm.a(fp_zero.o)
                              c:/program files (x86)/atmel/studio/7.0/toolchain/avr8/avr8-gnu-toolchain/bin/../lib/gcc/avr/5.4.0/../../../../avr/lib/avr5\libm.a(addsf3x.o) (__fp_zero)
c:/program files (x86)/atmel/studio/7.0/toolchain/avr8/avr8-gnu-toolchain/bin/../lib/gcc/avr/5.4.0/../../../../avr/lib/avr5\libm.a(gesf2.o)
                              src/motors.o (__gesf2)
c:/program files (x86)/atmel/studio/7.0/toolchain/avr8/avr8-gnu-toolchain/bin/../lib/gcc/avr/5.4.0/../../../../avr/lib/avr5\libm.a(mulsf3.o)
                              main.o (__mulsf3)
c:/program files (x86)/atmel/studio/7.0/toolchain/avr8/avr8-gnu-toolchain/bin/../lib/gcc/avr/5.4.0/../../../../avr/lib/avr5\libm.a(mulsf3x.o)
                              c:/program files (x86)/atmel/studio/7.0/toolchain/avr8/avr8-gnu-toolchain/bin/../lib/gcc/avr/5.4.0/../../../../avr/lib/avr5\libm.a(mulsf3.o) (__mulsf3x)
[...]
Memory Configuration

Name             Origin             Length             Attributes
text             0x00000000         0x00008000         xr
data             0x00800100         0x00000a00         rw !x
eeprom           0x00810000         0x00000400         rw !x
fuse             0x00820000         0x00000003         rw !x
lock             0x00830000         0x00000400         rw !x
signature        0x00840000         0x00000400         rw !x
user_signatures  0x00850000         0x00000400         rw !x
*default*        0x00000000         0xffffffff

Linker script and memory map

Address of section .data set to 0x800100
LOAD C:/Program Files (x86)/Atmel/Studio/7.0/Packs/atmel/ATmega_DFP/1.7.374/gcc/dev/atmega32u4/avr5/crtatmega32u4.o
LOAD main.o
LOAD src/analog.o
LOAD src/encoder.o
LOAD src/bno055_ll.o
LOAD src/motors.o
LOAD src/m_usb.o
LOAD src/profiler.o
LOAD src/systime.o
START GROUP
LOAD c:/program files (x86)/atmel/studio/7.0/toolchain/avr8/avr8-gnu-toolchain/bin/../lib/gcc/avr/5.4.0/../../../../avr/lib/avr5\libm.a
LOAD c:/program files (x86)/atmel/studio/7.0/toolchain/avr8/avr8-gnu-toolchain/bin/../lib/gcc/avr/5.4.0/../../../../avr/lib/avr5\libprintf_flt.a
LOAD c:/program files (x86)/atmel/studio/7.0/toolchain/avr8/avr8-gnu-toolchain/bin/../lib/gcc/avr/5.4.0/../../../../avr/lib/avr5\libscanf_flt.a
END GROUP
LOAD c:/program files (x86)/atmel/studio/7.0/toolchain/avr8/avr8-gnu-toolchain/bin/../lib/gcc/avr/5.4.0/../../../../avr/lib/avr5\libprintf_flt.a
LOAD c:/program files (x86)/atmel/studio/7.0/toolchain/avr8/avr8-gnu-toolchain/bin/../lib/gcc/avr/5.4.0/../../../../avr/lib/avr5\libm.a
START GROUP
LOAD c:/program files (x86)/atmel/studio/7.0/toolchain/avr8/avr8-gnu-toolchain/bin/../lib/gcc/avr/5.4.0/avr5\libgcc.a
LOAD c:/program files (x86)/atmel/studio/7.0/toolchain/avr8/avr8-gnu-toolchain/bin/../lib/gcc/avr/5.4.0/../../../../avr/lib/avr5\libm.a
LOAD c:/program files (x86)/atmel/studio/7.0/toolchain/avr8/avr8-gnu-toolchain/bin/../lib/gcc/avr/5.4.0/../../../../avr/lib/avr5\libc.a
LOAD C:/Program Files (x86)/Atmel/Studio/7.0/Packs/atmel/ATmega_DFP/1.7.374/gcc/dev/atmega32u4/avr5\libatmega32u4.a
END GROUP
                0x00000000                __TEXT_REGION_ORIGIN__ = DEFINED (__TEXT_REGION_ORIGIN__)?__TEXT_REGION_ORIGIN__:0x0
                [0x00800100]                __DATA_REGION_ORIGIN__ = DEFINED (__DATA_REGION_ORIGIN__)?__DATA_REGION_ORIGIN__:0x800060
                [0x00008000]                __TEXT_REGION_LENGTH__ = DEFINED (__TEXT_REGION_LENGTH__)?__TEXT_REGION_LENGTH__:0x20000
                [0x00000a00]                __DATA_REGION_LENGTH__ = DEFINED (__DATA_REGION_LENGTH__)?__DATA_REGION_LENGTH__:0xffa0
                [0x00000400]                __EEPROM_REGION_LENGTH__ = DEFINED (__EEPROM_REGION_LENGTH__)?__EEPROM_REGION_LENGTH__:0x10000
                [0x00000003]                __FUSE_REGION_LENGTH__ = DEFINED (__FUSE_REGION_LENGTH__)?__FUSE_REGION_LENGTH__:0x400
                0x00000400                __LOCK_REGION_LENGTH__ = DEFINED (__LOCK_REGION_LENGTH__)?__LOCK_REGION_LENGTH__:0x400
                0x00000400                __SIGNATURE_REGION_LENGTH__ = DEFINED (__SIGNATURE_REGION_LENGTH__)?__SIGNATURE_REGION_LENGTH__:0x400
                0x00000400                __USER_SIGNATURE_REGION_LENGTH__ = DEFINED (__USER_SIGNATURE_REGION_LENGTH__)?__USER_SIGNATURE_REGION_LENGTH__:0x400

.hash
 *(.hash)

.dynsym
 *(.dynsym)

.dynstr
 *(.dynstr)

.gnu.version
 *(.gnu.version)

.gnu.version_d
 *(.gnu.version_d)

.gnu.version_r
 *(.gnu.version_r)

.rel.init
 *(.rel.init)

.rela.init
 *(.rela.init)

.rel.text
 *(.rel.text)
 *(.rel.text.*)
 *(.rel.gnu.linkonce.t*)

.rela.text
 *(.rela.text)
 *(.rela.text.*)
 *(.rela.gnu.linkonce.t*)

.rel.fini
 *(.rel.fini)

.rela.fini
 *(.rela.fini)

.rel.rodata
 *(.rel.rodata)
 *(.rel.rodata.*)
 *(.rel.gnu.linkonce.r*)

.rela.rodata
 *(.rela.rodata)
 *(.rela.rodata.*)
 *(.rela.gnu.linkonce.r*)

.rel.data
 *(.rel.data)
 *(.rel.data.*)
 *(.rel.gnu.linkonce.d*)

.rela.data
 *(.rela.data)
 *(.rela.data.*)
 *(.rela.gnu.linkonce.d*)

.rel.ctors
 *(.rel.ctors)

.rela.ctors
 *(.rela.ctors)

.rel.dtors
 *(.rel.dtors)

.rela.dtors
 *(.rela.dtors)

.rel.got
 *(.rel.got)

.rela.got
 *(.rela.got)

.rel.bss
 *(.rel.bss)

.rela.bss
 *(.rela.bss)

.rel.plt
 *(.rel.plt)

.rela.plt
 *(.rela.plt)

.text           0x00000000     0x49b2
 *(.vectors)
 .vectors       0x00000000       0xac C:/Program Files (x86)/Atmel/Studio/7.0/Packs/atmel/ATmega_DFP/1.7.374/gcc/dev/atmega32u4/avr5/crtatmega32u4.o
                0x00000000                __vector_default
                0x00000000                __vectors
 *(.vectors)
 *(.progmem.gcc*)
 .progmem.gcc_sw_table.__vector_3
                0x000000ac       0x1c src/encoder.o
 .progmem.gcc_sw_table.__vector_4
                0x000000c8       0x1c src/encoder.o
 .progmem.gcc_sw_table.__vector_7
                0x000000e4       0x1c src/encoder.o
 .progmem.gcc_sw_table.__vector_9
                0x00000100       0x1c src/encoder.o
                0x0000011c                . = ALIGN (0x2)
                0x0000011c                __trampolines_start = .
 *(.trampolines)
 .trampolines   0x0000011c        0x0 linker stubs
 *(.trampolines*)
                0x0000011c                __trampolines_end = .
 *libprintf_flt.a:*(.progmem.data)
 .progmem.data  0x0000011c        0x8 c:/program files (x86)/atmel/studio/7.0/toolchain/avr8/avr8-gnu-toolchain/bin/../lib/gcc/avr/5.4.0/../../../../avr/lib/avr5\libprintf_flt.a(vfprintf_flt.o)
 *libc.a:*(.progmem.data)
 .progmem.data  0x00000124       0xfa c:/program files (x86)/atmel/studio/7.0/toolchain/avr8/avr8-gnu-toolchain/bin/../lib/gcc/avr/5.4.0/../../../../avr/lib/avr5\libc.a(ftoa_engine.o)
 *(.progmem*)
 .progmem.data.__c.2559
                0x0000021e        0xd main.o
 .progmem.data.descriptor_list
                0x0000022b       0x2a src/m_usb.o
 .progmem.data.string3
                0x00000255        0xa src/m_usb.o
 .progmem.data.string2
                0x0000025f        0x8 src/m_usb.o
 .progmem.data.string1
                0x00000267       0x14 src/m_usb.o
 .progmem.data.string0
                0x0000027b        0x4 src/m_usb.o
 .progmem.data.config1_descriptor
                0x0000027f       0x43 src/m_usb.o
 .progmem.data.device_descriptor
                0x000002c2       0x12 src/m_usb.o
 .progmem.data.endpoint_config_table
                0x000002d4        0xa src/m_usb.o
 .progmem.data  0x000002de       0x4d c:/program files (x86)/atmel/studio/7.0/toolchain/avr8/avr8-gnu-toolchain/bin/../lib/gcc/avr/5.4.0/../../../../avr/lib/avr5\libscanf_flt.a(vfscanf_flt.o)
                0x0000032c                . = ALIGN (0x2)
 *fill*         0x0000032b        0x1 
 *(.jumptables)
 *(.jumptables*)
 *(.lowtext)
 *(.lowtext*)
                0x0000032c                __ctors_start = .
 *(.ctors)
                0x0000032c                __ctors_end = .
                0x0000032c                __dtors_start = .
 *(.dtors)
                0x0000032c                __dtors_end = .
 SORT(*)(.ctors)
 SORT(*)(.dtors)
 *(.init0)
 .init0         0x0000032c        0x0 C:/Program Files (x86)/Atmel/Studio/7.0/Packs/atmel/ATmega_DFP/1.7.374/gcc/dev/atmega32u4/avr5/crtatmega32u4.o
                0x0000032c                __init
 *(.init0)
 *(.init1)
 *(.init1)
 *(.init2)
 .init2         0x0000032c        0xc C:/Program Files (x86)/Atmel/Studio/7.0/Packs/atmel/ATmega_DFP/1.7.374/gcc/dev/atmega32u4/avr5/crtatmega32u4.o
 *(.init2)
 *(.init3)
 *(.init3)
 *(.init4)
 .init4         0x00000338       0x16 c:/program files (x86)/atmel/studio/7.0/toolchain/avr8/avr8-gnu-toolchain/bin/../lib/gcc/avr/5.4.0/avr5\libgcc.a(_copy_data.o)
                0x00000338                __do_copy_data
 .init4         0x0000034e       0x10 c:/program files (x86)/atmel/studio/7.0/toolchain/avr8/avr8-gnu-toolchain/bin/../lib/gcc/avr/5.4.0/avr5\libgcc.a(_clear_bss.o)
                0x0000034e                __do_clear_bss
 *(.init4)
 *(.init5)
 *(.init5)
 *(.init6)
 *(.init6)
 *(.init7)
 *(.init7)
 *(.init8)
 *(.init8)
 *(.init9)
 .init9         0x0000035e        0x8 C:/Program Files (x86)/Atmel/Studio/7.0/Packs/atmel/ATmega_DFP/1.7.374/gcc/dev/atmega32u4/avr5/crtatmega32u4.o
 *(.init9)
 *(.text)
 .text          0x00000366        0x4 C:/Program Files (x86)/Atmel/Studio/7.0/Packs/atmel/ATmega_DFP/1.7.374/gcc/dev/atmega32u4/avr5/crtatmega32u4.o
                0x00000366                __vector_22
                0x00000366                __vector_28
                0x00000366                __vector_1
                0x00000366                __vector_32
                0x00000366                __vector_34
                0x00000366                __vector_24
                0x00000366                __vector_12
                0x00000366                __bad_interrupt
                0x00000366                __vector_6
                0x00000366                __vector_31
                0x00000366                __vector_35
                0x00000366                __vector_39
                0x00000366                __vector_30
                0x00000366                __vector_25
                0x00000366                __vector_13
                0x00000366                __vector_17
                0x00000366                __vector_19
                0x00000366                __vector_41
                0x00000366                __vector_27
                0x00000366                __vector_5
                0x00000366                __vector_33
                0x00000366                __vector_37
                0x00000366                __vector_2
                0x00000366                __vector_21
                0x00000366                __vector_15
                0x00000366                __vector_36
                0x00000366                __vector_29
                0x00000366                __vector_40
                0x00000366                __vector_8
                0x00000366                __vector_26
                0x00000366                __vector_14
                0x00000366                __vector_16
                0x00000366                __vector_18
                0x00000366                __vector_20
                0x00000366                __vector_42
                0x0000036a                . = ALIGN (0x2)
 *(.text.*)
 .text.timer4_init
                0x0000036a       0x32 main.o
 .text.parse_jetson
                0x0000039c      0x10e main.o
 .text.usb_send_ram
                0x000004aa       0x1a main.o
 .text.send_cmd_echo
                0x000004c4       0xf2 main.o
 .text.receive_from_jetson
                0x000005b6      0x504 main.o
 .text.send_debug
                0x00000aba      0x1b2 main.o
 .text.send_telemetry
                0x00000c6c      0x5a0 main.o
 .text.main     0x0000120c      0x19a main.o
                0x0000120c                main
 .text.__vector_38
                0x000013a6       0x26 main.o
                0x000013a6                __vector_38
 .text.analog_init
                0x000013cc       0x26 src/analog.o
                0x000013cc                analog_init
 .text.analog_read_raw
                0x000013f2       0x84 src/analog.o
                0x000013f2                analog_read_raw
 .text.analog_get_battery_1_mV
                0x00001476       0x20 src/analog.o
                0x00001476                analog_get_battery_1_mV
 .text.analog_get_battery_2_mV
                0x00001496       0x20 src/analog.o
                0x00001496                analog_get_battery_2_mV
 .text.analog_get_cliff_left
                0x000014b6        0x8 src/analog.o
                0x000014b6                analog_get_cliff_left
 .text.analog_get_cliff_front
                0x000014be        0x8 src/analog.o
                0x000014be                analog_get_cliff_front
 .text.analog_get_cliff_right
                0x000014c6        0x8 src/analog.o
                0x000014c6                analog_get_cliff_right
 .text.__vector_3
                0x000014ce       0xcc src/encoder.o
                0x000014ce                __vector_3
 .text.__vector_4
                0x0000159a       0xcc src/encoder.o
                0x0000159a                __vector_4
 .text.__vector_7
                0x00001666       0xcc src/encoder.o
                0x00001666                __vector_7
 .text.__vector_9
                0x00001732       0xd6 src/encoder.o
                0x00001732                __vector_9
 .text.encoder_get_left
                0x00001808       0x16 src/encoder.o
                0x00001808                encoder_get_left
 .text.encoder_get_right
                0x0000181e       0x16 src/encoder.o
                0x0000181e                encoder_get_right
 .text.encoder_emergency_hit
                0x00001834        0xa src/encoder.o
                0x00001834                encoder_emergency_hit
 .text.encoder_odometry_reset
                0x0000183e       0xd2 src/encoder.o
                0x0000183e                encoder_odometry_reset
 .text.encoder_init
                0x00001910       0xe4 src/encoder.o
                0x00001910                encoder_init
 .text.encoder_odometry_update
                0x000019f4      0x26e src/encoder.o
                0x000019f4                encoder_odometry_update
 .text.encoder_left_speed_mm_s
                0x00001c62       0x66 src/encoder.o
                0x00001c62                encoder_left_speed_mm_s
 .text.encoder_right_speed_mm_s
                0x00001cc8       0x66 src/encoder.o
                0x00001cc8                encoder_right_speed_mm_s
 .text.encoder_robot_speed_mm_s
                0x00001d2e       0x3e src/encoder.o
                0x00001d2e                encoder_robot_speed_mm_s
 .text.encoder_robot_omega_dps
                0x00001d6c       0x3e src/encoder.o
                0x00001d6c                encoder_robot_omega_dps
 .text.encoder_robot_distance_mm
                0x00001daa       0x12 src/encoder.o
                0x00001daa                encoder_robot_distance_mm
 .text.encoder_robot_angle_deg
                0x00001dbc       0x12 src/encoder.o
                0x00001dbc                encoder_robot_angle_deg
 .text.encoder_loop_time_us
                0x00001dce       0x12 src/encoder.o
                0x00001dce                encoder_loop_time_us
 .text.twi_start
                0x00001de0       0x50 src/bno055_ll.o
 .text.twi_stop
                0x00001e30        0x8 src/bno055_ll.o
 .text.twi_init
                0x00001e38       0x18 src/bno055_ll.o
                0x00001e38                twi_init
 .text.twi_write
                0x00001e50       0x60 src/bno055_ll.o
                0x00001e50                twi_write
 .text.twi_read
                0x00001eb0       0x92 src/bno055_ll.o
                0x00001eb0                twi_read
 .text.bno055_write8
                0x00001f42       0x26 src/bno055_ll.o
                0x00001f42                bno055_write8
 .text.bno055_set_mode
                0x00001f68        0xa src/bno055_ll.o
 .text.bno055_read8
                0x00001f72       0x3a src/bno055_ll.o
                0x00001f72                bno055_read8
 .text.bno055_read
                0x00001fac       0x40 src/bno055_ll.o
                0x00001fac                bno055_read
 .text.bno055_gpio_reset
                0x00001fec       0x32 src/bno055_ll.o
                0x00001fec                bno055_gpio_reset
 .text.bno055_init
                0x0000201e       0x84 src/bno055_ll.o
                0x0000201e                bno055_init
 .text.bno055_get_euler
                0x000020a2       0x86 src/bno055_ll.o
                0x000020a2                bno055_get_euler
 .text.bno055_get_omega
                0x00002128       0x86 src/bno055_ll.o
                0x00002128                bno055_get_omega
 .text.bno055_get_accel
                0x000021ae       0x86 src/bno055_ll.o
                0x000021ae                bno055_get_accel
 .text.motors_enable_left
                0x00002234       0x14 src/motors.o
                0x00002234                motors_enable_left
 .text.motors_enable_right
                0x00002248       0x14 src/motors.o
                0x00002248                motors_enable_right
 .text.motors_enable_all
                0x0000225c       0x12 src/motors.o
                0x0000225c                motors_enable_all
 .text.motors_init
                0x0000226e       0x64 src/motors.o
                0x0000226e                motors_init
 .text.motors_set_dir_left
                0x000022d2       0x14 src/motors.o
                0x000022d2                motors_set_dir_left
 .text.motors_set_dir_right
                0x000022e6       0x14 src/motors.o
                0x000022e6                motors_set_dir_right
 .text.motors_set_speed_left
                0x000022fa       0x7e src/motors.o
                0x000022fa                motors_set_speed_left
 .text.motors_set_speed_right
                0x00002378       0x6c src/motors.o
                0x00002378                motors_set_speed_right
 .text.motors_set_speed_both
                0x000023e4       0x16 src/motors.o
                0x000023e4                motors_set_speed_both
 .text.motors_update
                0x000023fa      0x112 src/motors.o
                0x000023fa                motors_update
 .text.motors_stop_all
                0x0000250c       0x1c src/motors.o
                0x0000250c                motors_stop_all
 .text.m_usb_init
                0x00002528       0x32 src/m_usb.o
                0x00002528                m_usb_init
 .text.m_usb_rx_char
                0x0000255a       0x3c src/m_usb.o
                0x0000255a                m_usb_rx_char
 .text.m_usb_rx_available
                0x00002596       0x1e src/m_usb.o
                0x00002596                m_usb_rx_available
 .text.m_usb_tx_char
                0x000025b4       0x88 src/m_usb.o
                0x000025b4                m_usb_tx_char
 .text.m_usb_tx_push
                0x0000263c       0x20 src/m_usb.o
                0x0000263c                m_usb_tx_push
 .text.__vector_10
                0x0000265c       0x7c src/m_usb.o
                0x0000265c                __vector_10
 .text.__vector_11
                0x000026d8      0x2e2 src/m_usb.o
                0x000026d8                __vector_11
 .text.print_P  0x000029ba       0x30 src/m_usb.o
                0x000029ba                print_P
 .text.profile_braking_distance
                0x000029ea       0x6a src/profiler.o
 .text.profile_reset
                0x00002a54       0x22 src/profiler.o
                0x00002a54                profile_reset
 .text.profile_start
                0x00002a76      0x172 src/profiler.o
                0x00002a76                profile_start
 .text.profile_update
                0x00002be8      0x252 src/profiler.o
                0x00002be8                profile_update
 .text.motion_reset_drive_system
                0x00002e3a       0x20 src/profiler.o
                0x00002e3a                motion_reset_drive_system
 .text.profile_soft_reset
                0x00002e5a       0x10 src/profiler.o
                0x00002e5a                profile_soft_reset
 .text.motion_SOFT_reset_drive_system
                0x00002e6a       0x16 src/profiler.o
                0x00002e6a                motion_SOFT_reset_drive_system
 .text.motion_velocity
                0x00002e80       0x12 src/profiler.o
                0x00002e80                motion_velocity
 .text.motion_omega
                0x00002e92       0x12 src/profiler.o
                0x00002e92                motion_omega
 .text.motion_move_finished
                0x00002ea4        0xe src/profiler.o
                0x00002ea4                motion_move_finished
 .text.motion_turn_finished
                0x00002eb2        0xe src/profiler.o
                0x00002eb2                motion_turn_finished
 .text.motion_start_move
                0x00002ec0       0x46 src/profiler.o
                0x00002ec0                motion_start_move
 .text.motion_start_turn
                0x00002f06       0x48 src/profiler.o
                0x00002f06                motion_start_turn
 .text.motion_update
                0x00002f4e       0x12 src/profiler.o
                0x00002f4e                motion_update
 .text.systime_init
                0x00002f60       0x12 src/systime.o
                0x00002f60                systime_init
 .text.__vector_23
                0x00002f72       0x7e src/systime.o
                0x00002f72                __vector_23
 .text.micros64
                0x00002ff0       0x4a src/systime.o
                0x00002ff0                micros64
 .text.avr-libc.fplib
                0x0000303a        0xe c:/program files (x86)/atmel/studio/7.0/toolchain/avr8/avr8-gnu-toolchain/bin/../lib/gcc/avr/5.4.0/../../../../avr/lib/avr5\libm.a(addsf3.o)
                0x0000303a                __subsf3
                0x0000303c                __addsf3
 .text.avr-libc.fplib
                0x00003048       0xcc c:/program files (x86)/atmel/studio/7.0/toolchain/avr8/avr8-gnu-toolchain/bin/../lib/gcc/avr/5.4.0/../../../../avr/lib/avr5\libm.a(addsf3x.o)
                0x0000306a                __addsf3x
 .text.avr-libc.fplib
                0x00003114        0xa c:/program files (x86)/atmel/studio/7.0/toolchain/avr8/avr8-gnu-toolchain/bin/../lib/gcc/avr/5.4.0/../../../../avr/lib/avr5\libm.a(cmpsf2.o)
                0x00003114                __nesf2
                0x00003114                __eqsf2
                0x00003114                __cmpsf2
                0x00003114                __ltsf2
                0x00003114                __lesf2
 .text.avr-libc.fplib
                0x0000311e        0x8 c:/program files (x86)/atmel/studio/7.0/toolchain/avr8/avr8-gnu-toolchain/bin/../lib/gcc/avr/5.4.0/../../../../avr/lib/avr5\libm.a(divsf3.o)
                0x0000311e                __divsf3
 .text.avr-libc.fplib
                0x00003126       0xdc c:/program files (x86)/atmel/studio/7.0/toolchain/avr8/avr8-gnu-toolchain/bin/../lib/gcc/avr/5.4.0/../../../../avr/lib/avr5\libm.a(divsf3x.o)
                0x00003146                __divsf3x
                0x0000314c                __divsf3_pse
 .text.avr-libc.fplib
                0x00003202       0x5e c:/program files (x86)/atmel/studio/7.0/toolchain/avr8/avr8-gnu-toolchain/bin/../lib/gcc/avr/5.4.0/../../../../avr/lib/avr5\libm.a(fixunssfsi.o)
                0x00003202                __fixunssfsi
 .text.avr-libc.fplib
                0x00003260       0x7a c:/program files (x86)/atmel/studio/7.0/toolchain/avr8/avr8-gnu-toolchain/bin/../lib/gcc/avr/5.4.0/../../../../avr/lib/avr5\libm.a(floatsisf.o)
                0x00003260                __floatunsisf
                0x00003264                __floatsisf
 .text.avr-libc.fplib
                0x000032da       0x48 c:/program files (x86)/atmel/studio/7.0/toolchain/avr8/avr8-gnu-toolchain/bin/../lib/gcc/avr/5.4.0/../../../../avr/lib/avr5\libm.a(fp_cmp.o)
                0x000032da                __fp_cmp
 .text.avr-libc.fplib
                0x00003322        0xc c:/program files (x86)/atmel/studio/7.0/toolchain/avr8/avr8-gnu-toolchain/bin/../lib/gcc/avr/5.4.0/../../../../avr/lib/avr5\libm.a(fp_inf.o)
                0x00003322                __fp_inf
 .text.avr-libc.fplib
                0x0000332e        0x6 c:/program files (x86)/atmel/studio/7.0/toolchain/avr8/avr8-gnu-toolchain/bin/../lib/gcc/avr/5.4.0/../../../../avr/lib/avr5\libm.a(fp_nan.o)
                0x0000332e                __fp_nan
 .text.avr-libc.fplib
                0x00003334        0xe c:/program files (x86)/atmel/studio/7.0/toolchain/avr8/avr8-gnu-toolchain/bin/../lib/gcc/avr/5.4.0/../../../../avr/lib/avr5\libm.a(fp_pscA.o)
                0x00003334                __fp_pscA
 .text.avr-libc.fplib
                0x00003342        0xe c:/program files (x86)/atmel/studio/7.0/toolchain/avr8/avr8-gnu-toolchain/bin/../lib/gcc/avr/5.4.0/../../../../avr/lib/avr5\libm.a(fp_pscB.o)
                0x00003342                __fp_pscB
 .text.avr-libc.fplib
                0x00003350       0x22 c:/program files (x86)/atmel/studio/7.0/toolchain/avr8/avr8-gnu-toolchain/bin/../lib/gcc/avr/5.4.0/../../../../avr/lib/avr5\libm.a(fp_round.o)
                0x00003350                __fp_round
 .text.avr-libc.fplib
                0x00003372       0x44 c:/program files (x86)/atmel/studio/7.0/toolchain/avr8/avr8-gnu-toolchain/bin/../lib/gcc/avr/5.4.0/../../../../avr/lib/avr5\libm.a(fp_split3.o)
                0x00003372                __fp_split3
                0x00003382                __fp_splitA
 .text.avr-libc.fplib
                0x000033b6        0xe c:/program files (x86)/atmel/studio/7.0/toolchain/avr8/avr8-gnu-toolchain/bin/../lib/gcc/avr/5.4.0/../../../../avr/lib/avr5\libm.a(fp_zero.o)
                0x000033b6                __fp_zero
                0x000033b8                __fp_szero
 .text.avr-libc.fplib
                0x000033c4        0xa c:/program files (x86)/atmel/studio/7.0/toolchain/avr8/avr8-gnu-toolchain/bin/../lib/gcc/avr/5.4.0/../../../../avr/lib/avr5\libm.a(gesf2.o)
                0x000033c4                __gesf2
                0x000033c4                __gtsf2
 .text.avr-libc.fplib
                0x000033ce        0x8 c:/program files (x86)/atmel/studio/7.0/toolchain/avr8/avr8-gnu-toolchain/bin/../lib/gcc/avr/5.4.0/../../../../avr/lib/avr5\libm.a(mulsf3.o)
                0x000033ce                __mulsf3
 .text.avr-libc.fplib
                0x000033d6       0xd2 c:/program files (x86)/atmel/studio/7.0/toolchain/avr8/avr8-gnu-toolchain/bin/../lib/gcc/avr/5.4.0/../../../../avr/lib/avr5\libm.a(mulsf3x.o)
                0x000033f4                __mulsf3x
                0x000033fa                __mulsf3_pse
 .text.avr-libc
                0x000034a8      0x6fa c:/program files (x86)/atmel/studio/7.0/toolchain/avr8/avr8-gnu-toolchain/bin/../lib/gcc/avr/5.4.0/../../../../avr/lib/avr5\libprintf_flt.a(vfprintf_flt.o)
                0x000034a8                vfprintf
 .text.avr-libc
                0x00003ba2      0x81c c:/program files (x86)/atmel/studio/7.0/toolchain/avr8/avr8-gnu-toolchain/bin/../lib/gcc/avr/5.4.0/../../../../avr/lib/avr5\libscanf_flt.a(vfscanf_flt.o)
                0x0000415a                vfscanf
 .text.libgcc.div
                0x000043be       0x44 c:/program files (x86)/atmel/studio/7.0/toolchain/avr8/avr8-gnu-toolchain/bin/../lib/gcc/avr/5.4.0/avr5\libgcc.a(_udivmodsi4.o)
                0x000043be                __udivmodsi4
 .text.libgcc   0x00004402        0xc c:/program files (x86)/atmel/studio/7.0/toolchain/avr8/avr8-gnu-toolchain/bin/../lib/gcc/avr/5.4.0/avr5\libgcc.a(_tablejump2.o)
                0x00004402                __tablejump2__
 .text.libgcc.mul
                0x0000440e       0x1e c:/program files (x86)/atmel/studio/7.0/toolchain/avr8/avr8-gnu-toolchain/bin/../lib/gcc/avr/5.4.0/avr5\libgcc.a(_umulhisi3.o)
                0x0000440e                __umulhisi3
 .text.libgcc.prologue
                0x0000442c       0x38 c:/program files (x86)/atmel/studio/7.0/toolchain/avr8/avr8-gnu-toolchain/bin/../lib/gcc/avr/5.4.0/avr5\libgcc.a(_prologue.o)
                0x0000442c                __prologue_saves__
 .text.libgcc.prologue
                0x00004464       0x36 c:/program files (x86)/atmel/studio/7.0/toolchain/avr8/avr8-gnu-toolchain/bin/../lib/gcc/avr/5.4.0/avr5\libgcc.a(_epilogue.o)
                0x00004464                __epilogue_restores__
 .text.libgcc.builtins
                0x0000449a       0x32 c:/program files (x86)/atmel/studio/7.0/toolchain/avr8/avr8-gnu-toolchain/bin/../lib/gcc/avr/5.4.0/avr5\libgcc.a(_ashldi3.o)
                0x0000449a                __ashldi3
 .text.libgcc.builtins
                0x000044cc       0x3c c:/program files (x86)/atmel/studio/7.0/toolchain/avr8/avr8-gnu-toolchain/bin/../lib/gcc/avr/5.4.0/avr5\libgcc.a(_ashrdi3.o)
                0x000044cc                __ashrdi3
                0x000044d0                __lshrdi3
 .text.libgcc   0x00004508       0x18 c:/program files (x86)/atmel/studio/7.0/toolchain/avr8/avr8-gnu-toolchain/bin/../lib/gcc/avr/5.4.0/avr5\libgcc.a(_adddi3_s8.o)
                0x00004508                __adddi3_s8
 .text.avr-libc
                0x00004520      0x1b0 c:/program files (x86)/atmel/studio/7.0/toolchain/avr8/avr8-gnu-toolchain/bin/../lib/gcc/avr/5.4.0/../../../../avr/lib/avr5\libc.a(ftoa_engine.o)
                0x00004520                __ftoa_engine
 .text.avr-libc
                0x000046d0       0x12 c:/program files (x86)/atmel/studio/7.0/toolchain/avr8/avr8-gnu-toolchain/bin/../lib/gcc/avr/5.4.0/../../../../avr/lib/avr5\libc.a(isspace.o)
                0x000046d0                isspace
 .text.avr-libc
                0x000046e2       0x10 c:/program files (x86)/atmel/studio/7.0/toolchain/avr8/avr8-gnu-toolchain/bin/../lib/gcc/avr/5.4.0/../../../../avr/lib/avr5\libc.a(tolower.o)
                0x000046e2                tolower
 .text.avr-libc
                0x000046f2       0x16 c:/program files (x86)/atmel/studio/7.0/toolchain/avr8/avr8-gnu-toolchain/bin/../lib/gcc/avr/5.4.0/../../../../avr/lib/avr5\libc.a(strchr_P.o)
                0x000046f2                strchr_P
 .text.avr-libc
                0x00004708       0x16 c:/program files (x86)/atmel/studio/7.0/toolchain/avr8/avr8-gnu-toolchain/bin/../lib/gcc/avr/5.4.0/../../../../avr/lib/avr5\libc.a(strnlen_P.o)
                0x00004708                strnlen_P
 .text.avr-libc
                0x0000471e       0x16 c:/program files (x86)/atmel/studio/7.0/toolchain/avr8/avr8-gnu-toolchain/bin/../lib/gcc/avr/5.4.0/../../../../avr/lib/avr5\libc.a(strnlen.o)
                0x0000471e                strnlen
 .text.avr-libc
                0x00004734       0x7c c:/program files (x86)/atmel/studio/7.0/toolchain/avr8/avr8-gnu-toolchain/bin/../lib/gcc/avr/5.4.0/../../../../avr/lib/avr5\libc.a(fgetc.o)
                0x00004734                fgetc
 .text.avr-libc
                0x000047b0       0x78 c:/program files (x86)/atmel/studio/7.0/toolchain/avr8/avr8-gnu-toolchain/bin/../lib/gcc/avr/5.4.0/../../../../avr/lib/avr5\libc.a(fputc.o)
                0x000047b0                fputc
 .text.avr-libc
                0x00004828       0x60 c:/program files (x86)/atmel/studio/7.0/toolchain/avr8/avr8-gnu-toolchain/bin/../lib/gcc/avr/5.4.0/../../../../avr/lib/avr5\libc.a(snprintf.o)
                0x00004828                snprintf
 .text.avr-libc
                0x00004888       0x32 c:/program files (x86)/atmel/studio/7.0/toolchain/avr8/avr8-gnu-toolchain/bin/../lib/gcc/avr/5.4.0/../../../../avr/lib/avr5\libc.a(sscanf.o)
                0x00004888                sscanf
 .text.avr-libc
                0x000048ba       0x32 c:/program files (x86)/atmel/studio/7.0/toolchain/avr8/avr8-gnu-toolchain/bin/../lib/gcc/avr/5.4.0/../../../../avr/lib/avr5\libc.a(ungetc.o)
                0x000048ba                ungetc
 .text.avr-libc
                0x000048ec       0xbc c:/program files (x86)/atmel/studio/7.0/toolchain/avr8/avr8-gnu-toolchain/bin/../lib/gcc/avr/5.4.0/../../../../avr/lib/avr5\libc.a(ultoa_invert.o)
                0x000048ec                __ultoa_invert
 .text.avr-libc
                0x000049a8        0x6 c:/program files (x86)/atmel/studio/7.0/toolchain/avr8/avr8-gnu-toolchain/bin/../lib/gcc/avr/5.4.0/../../../../avr/lib/avr5\libc.a(cty_isfalse.o)
                0x000049a8                __ctype_isfalse
                0x000049ac                __ctype_istrue
                0x000049ae                . = ALIGN (0x2)
 *(.fini9)
 .fini9         0x000049ae        0x0 c:/program files (x86)/atmel/studio/7.0/toolchain/avr8/avr8-gnu-toolchain/bin/../lib/gcc/avr/5.4.0/avr5\libgcc.a(_exit.o)
                0x000049ae                _exit
                0x000049ae                exit
 *(.fini9)
 *(.fini8)
 *(.fini8)
 *(.fini7)
 *(.fini7)
 *(.fini6)
 *(.fini6)
 *(.fini5)
 *(.fini5)
 *(.fini4)
 *(.fini4)
 *(.fini3)
 *(.fini3)
 *(.fini2)
 *(.fini2)
 *(.fini1)
 *(.fini1)
 *(.fini0)
 .fini0         0x000049ae        0x4 c:/program files (x86)/atmel/studio/7.0/toolchain/avr8/avr8-gnu-toolchain/bin/../lib/gcc/avr/5.4.0/avr5\libgcc.a(_exit.o)
 *(.fini0)
                0x000049b2                _etext = .

.data           0x00800100      0x100 load address 0x000049b2
                0x00800100                PROVIDE (__data_start, .)
 *(.data)
 *(.data*)
 .data.profile_done
                0x00800100        0x1 main.o
                0x00800100                profile_done
 .data.teleStates
                0x00800101        0x1 main.o
 .data.debug_mode
                0x00800102        0x1 main.o
 .data.loop_dt_us
                0x00800103        0x4 src/encoder.o
 .data.cdc_line_coding
                0x00800107        0x7 src/m_usb.o
 *(.gnu.linkonce.d*)
 *(.rodata)
 *(.rodata*)
 .rodata.str1.1
                0x0080010e       0xf2 main.o
 *(.gnu.linkonce.r*)
                0x00800200                . = ALIGN (0x2)
                0x00800200                _edata = .
                0x00800200                PROVIDE (__data_end, .)

.bss            0x00800200       0xe0
                0x00800200                PROVIDE (__bss_start, .)
 *(.bss)
 *(.bss*)
 .bss.determineFinishnes
                0x00800200        0x1 main.o
                0x00800200                determineFinishnes
 .bss.emerg     0x00800201        0x1 main.o
                0x00800201                emerg
 .bss.loop_execute
                0x00800202        0x1 main.o
 .bss.r         0x00800203        0x1 main.o
 .bss.l         0x00800204        0x1 main.o
 .bss.b         0x00800205        0x1 main.o
 .bss.f         0x00800206        0x1 main.o
 .bss.current_command
                0x00800207        0x1 main.o
 .bss.last_command
                0x00800208        0x1 main.o
 .bss.control_mode
                0x00800209        0x1 main.o
 .bss.rx_ang_acc
                0x0080020a        0x4 main.o
 .bss.rx_lin_acc
                0x0080020e        0x4 main.o
 .bss.rx_last_omega
                0x00800212        0x2 main.o
 .bss.rx_last_vel
                0x00800214        0x2 main.o
 .bss.rx_max_omega
                0x00800216        0x2 main.o
 .bss.rx_max_vel
                0x00800218        0x2 main.o
 .bss.rx_angle  0x0080021a        0x4 main.o
 .bss.rx_distance
                0x0080021e        0x4 main.o
 .bss.rx_index  0x00800222        0x1 main.o
 .bss.rx_buf    0x00800223       0x40 main.o
 .bss.emg_flag  0x00800263        0x1 src/encoder.o
 .bss.prev_ts_us
                0x00800264        0x8 src/encoder.o
 .bss.robot_angle_deg
                0x0080026c        0x4 src/encoder.o
 .bss.robot_distance_mm
                0x00800270        0x4 src/encoder.o
 .bss.rot_change_deg
                0x00800274        0x4 src/encoder.o
 .bss.fwd_change_mm
                0x00800278        0x4 src/encoder.o
 .bss.right_delta
                0x0080027c        0x4 src/encoder.o
 .bss.left_delta
                0x00800280        0x4 src/encoder.o
 .bss.prev_right_cnt
                0x00800284        0x4 src/encoder.o
 .bss.prev_left_cnt
                0x00800288        0x4 src/encoder.o
 .bss.right_last_state
                0x0080028c        0x1 src/encoder.o
 .bss.left_last_state
                0x0080028d        0x1 src/encoder.o
 .bss.right_cnt
                0x0080028e        0x4 src/encoder.o
 .bss.left_cnt  0x00800292        0x4 src/encoder.o
 .bss.cdc_line_rtsdtr
                0x00800296        0x1 src/m_usb.o
 .bss.transmit_previous_timeout
                0x00800297        0x1 src/m_usb.o
 .bss.transmit_flush_timer
                0x00800298        0x1 src/m_usb.o
 .bss.usb_configuration
                0x00800299        0x1 src/m_usb.o
 .bss._ovf64    0x0080029a        0x8 src/systime.o
 *(COMMON)
 COMMON         0x008002a2       0x3e src/profiler.o
                0x008002a2                motionType
                0x008002e0                PROVIDE (__bss_end, .)
                0x000049b2                __data_load_start = LOADADDR (.data)
                0x00004ab2                __data_load_end = (__data_load_start + SIZEOF (.data))

.noinit         0x008002e0        0x0
                [!provide]                PROVIDE (__noinit_start, .)
 *(.noinit*)
                [!provide]                PROVIDE (__noinit_end, .)
                0x008002e0                _end = .
                [!provide]                PROVIDE (__heap_start, .)

.eeprom         0x00810000        0x0
 *(.eeprom*)
                0x00810000                __eeprom_end = .

.fuse
 *(.fuse)
 *(.lfuse)
 *(.hfuse)
 *(.efuse)

.lock
 *(.lock*)

.signature
 *(.signature*)

.user_signatures
 *(.user_signatures*)

.stab
 *(.stab)

.stabstr
 *(.stabstr)

.stab.excl
 *(.stab.excl)

.stab.exclstr
 *(.stab.exclstr)

.stab.index
 *(.stab.index)

.stab.indexstr
 *(.stab.indexstr)

.comment        0x00000000       0x5c
 *(.comment)
 .comment       0x00000000       0x30 main.o
                                 0x31 (size before relaxing)
 .comment       0x00000030       0x31 src/analog.o
 .comment       0x00000030       0x31 src/encoder.o
 .comment       0x00000030       0x31 src/bno055_ll.o
 .comment       0x00000030       0x31 src/motors.o
 .comment       0x00000030       0x31 src/m_usb.o
 .comment       0x00000030       0x31 src/profiler.o
 .comment       0x00000030       0x31 src/systime.o
 .comment       0x00000030       0x2c c:/program files (x86)/atmel/studio/7.0/toolchain/avr8/avr8-gnu-toolchain/bin/../lib/gcc/avr/5.4.0/../../../../avr/lib/avr5\libprintf_flt.a(vfprintf_flt.o)
                                 0x2d (size before relaxing)
 .comment       0x0000005c       0x2d c:/program files (x86)/atmel/studio/7.0/toolchain/avr8/avr8-gnu-toolchain/bin/../lib/gcc/avr/5.4.0/../../../../avr/lib/avr5\libscanf_flt.a(vfscanf_flt.o)
 .comment       0x0000005c       0x31 c:/program files (x86)/atmel/studio/7.0/toolchain/avr8/avr8-gnu-toolchain/bin/../lib/gcc/avr/5.4.0/../../../../avr/lib/avr5\libc.a(fgetc.o)
 .comment       0x0000005c       0x31 c:/program files (x86)/atmel/studio/7.0/toolchain/avr8/avr8-gnu-toolchain/bin/../lib/gcc/avr/5.4.0/../../../../avr/lib/avr5\libc.a(fputc.o)
 .comment       0x0000005c       0x31 c:/program files (x86)/atmel/studio/7.0/toolchain/avr8/avr8-gnu-toolchain/bin/../lib/gcc/avr/5.4.0/../../../../avr/lib/avr5\libc.a(snprintf.o)
 .comment       0x0000005c       0x31 c:/program files (x86)/atmel/studio/7.0/toolchain/avr8/avr8-gnu-toolchain/bin/../lib/gcc/avr/5.4.0/../../../../avr/lib/avr5\libc.a(sscanf.o)
 .comment       0x0000005c       0x31 c:/program files (x86)/atmel/studio/7.0/toolchain/avr8/avr8-gnu-toolchain/bin/../lib/gcc/avr/5.4.0/../../../../avr/lib/avr5\libc.a(ungetc.o)

.note.gnu.avr.deviceinfo
                0x00000000       0x40
 .note.gnu.avr.deviceinfo
                0x00000000       0x40 C:/Program Files (x86)/Atmel/Studio/7.0/Packs/atmel/ATmega_DFP/1.7.374/gcc/dev/atmega32u4/avr5/crtatmega32u4.o

.note.gnu.build-id
 *(.note.gnu.build-id)

.debug
 *(.debug)

.line
 *(.line)

.debug_srcinfo
 *(.debug_srcinfo)

.debug_sfnames
 *(.debug_sfnames)

.debug_aranges  0x00000000      0x458
 *(.debug_aranges)
 .debug_aranges
                0x00000000       0x60 main.o
 .debug_aranges
                0x00000060       0x50 src/analog.o
 .debug_aranges
                0x000000b0       0xb8 src/encoder.o
 .debug_aranges
                0x00000168       0xa0 src/bno055_ll.o
 .debug_aranges
                0x00000208       0x70 src/motors.o
 .debug_aranges
                0x00000278       0xe0 src/m_usb.o
 .debug_aranges
                0x00000358       0xd0 src/profiler.o
 .debug_aranges
                0x00000428       0x30 src/systime.o

.debug_pubnames
 *(.debug_pubnames)

.debug_info     0x00000000     0x4e4a
 *(.debug_info .gnu.linkonce.wi.*)
 .debug_info    0x00000000      0x9f4 C:/Program Files (x86)/Atmel/Studio/7.0/Packs/atmel/ATmega_DFP/1.7.374/gcc/dev/atmega32u4/avr5/crtatmega32u4.o
 .debug_info    0x000009f4     0x12a3 main.o
 .debug_info    0x00001c97      0x29b src/analog.o
 .debug_info    0x00001f32      0x7a6 src/encoder.o
 .debug_info    0x000026d8      0xa51 src/bno055_ll.o
 .debug_info    0x00003129      0x3fa src/motors.o
 .debug_info    0x00003523      0xf66 src/m_usb.o
 .debug_info    0x00004489      0x8b2 src/profiler.o
 .debug_info    0x00004d3b      0x10f src/systime.o

.debug_abbrev   0x00000000     0x18ed
 *(.debug_abbrev)
 .debug_abbrev  0x00000000      0x96a C:/Program Files (x86)/Atmel/Studio/7.0/Packs/atmel/ATmega_DFP/1.7.374/gcc/dev/atmega32u4/avr5/crtatmega32u4.o
 .debug_abbrev  0x0000096a      0x2c9 main.o
 .debug_abbrev  0x00000c33      0x15c src/analog.o
 .debug_abbrev  0x00000d8f      0x231 src/encoder.o
 .debug_abbrev  0x00000fc0      0x225 src/bno055_ll.o
 .debug_abbrev  0x000011e5      0x16d src/motors.o
 .debug_abbrev  0x00001352      0x299 src/m_usb.o
 .debug_abbrev  0x000015eb      0x23a src/profiler.o
 .debug_abbrev  0x00001825       0xc8 src/systime.o

.debug_line     0x00000000     0x2c91
 *(.debug_line .debug_line.* .debug_line_end)
 .debug_line    0x00000000      0x19a C:/Program Files (x86)/Atmel/Studio/7.0/Packs/atmel/ATmega_DFP/1.7.374/gcc/dev/atmega32u4/avr5/crtatmega32u4.o
 .debug_line    0x0000019a      0x702 main.o
 .debug_line    0x0000089c      0x1c9 src/analog.o
 .debug_line    0x00000a65      0x63e src/encoder.o
 .debug_line    0x000010a3      0x53c src/bno055_ll.o
 .debug_line    0x000015df      0x2d9 src/motors.o
 .debug_line    0x000018b8      0xda7 src/m_usb.o
 .debug_line    0x0000265f      0x506 src/profiler.o
 .debug_line    0x00002b65      0x12c src/systime.o

.debug_frame    0x00000000      0xefc
 *(.debug_frame)
 .debug_frame   0x00000000      0x1f0 main.o
 .debug_frame   0x000001f0       0x84 src/analog.o
 .debug_frame   0x00000274      0x2a0 src/encoder.o
 .debug_frame   0x00000514      0x294 src/bno055_ll.o
 .debug_frame   0x000007a8      0x124 src/motors.o
 .debug_frame   0x000008cc      0x2c0 src/m_usb.o
 .debug_frame   0x00000b8c      0x2ec src/profiler.o
 .debug_frame   0x00000e78       0x84 src/systime.o

.debug_str      0x00000000     0x1496
 *(.debug_str)
 .debug_str     0x00000000      0x371 C:/Program Files (x86)/Atmel/Studio/7.0/Packs/atmel/ATmega_DFP/1.7.374/gcc/dev/atmega32u4/avr5/crtatmega32u4.o
 .debug_str     0x00000371      0x71b main.o
                                0x782 (size before relaxing)
 .debug_str     0x00000a8c       0x40 src/analog.o
                                0x23b (size before relaxing)
 .debug_str     0x00000acc      0x19f src/encoder.o
                                0x45e (size before relaxing)
 .debug_str     0x00000c6b       0xec src/bno055_ll.o
                                0x317 (size before relaxing)
 .debug_str     0x00000d57      0x124 src/motors.o
                                0x2e1 (size before relaxing)
 .debug_str     0x00000e7b      0x3a0 src/m_usb.o
                                0x5aa (size before relaxing)
 .debug_str     0x0000121b      0x24a src/profiler.o
                                0x569 (size before relaxing)
 .debug_str     0x00001465       0x31 src/systime.o
                                0x1b1 (size before relaxing)

.debug_loc      0x00000000     0x4eff
 *(.debug_loc)
 .debug_loc     0x00000000     0x1064 main.o
 .debug_loc     0x00001064       0xfc src/analog.o
 .debug_loc     0x00001160      0x815 src/encoder.o
 .debug_loc     0x00001975      0xda1 src/bno055_ll.o
 .debug_loc     0x00002716      0x52e src/motors.o
 .debug_loc     0x00002c44     0x17ff src/m_usb.o
 .debug_loc     0x00004443      0x9a2 src/profiler.o
 .debug_loc     0x00004de5      0x11a src/systime.o

.debug_macinfo
 *(.debug_macinfo)

.debug_weaknames
 *(.debug_weaknames)

.debug_funcnames
 *(.debug_funcnames)

.debug_typenames
 *(.debug_typenames)

.debug_varnames
 *(.debug_varnames)

.debug_pubtypes
 *(.debug_pubtypes)

.debug_ranges   0x00000000      0x4a0
 *(.debug_ranges)
 .debug_ranges  0x00000000       0x50 main.o
 .debug_ranges  0x00000050       0x78 src/analog.o
 .debug_ranges  0x000000c8       0xa8 src/encoder.o
 .debug_ranges  0x00000170       0xd8 src/bno055_ll.o
 .debug_ranges  0x00000248       0x60 src/motors.o
 .debug_ranges  0x000002a8      0x118 src/m_usb.o
 .debug_ranges  0x000003c0       0xc0 src/profiler.o
 .debug_ranges  0x00000480       0x20 src/systime.o

.debug_macro
 *(.debug_macro)
OUTPUT(avr_controller.elf elf32-avr)
LOAD linker stubs
